
> chordsplit-ai-pitch@0.0.0 build
> tsc && vite build

[36mvite v5.4.21 [32mbuilding for production...[36m[39m
transforming...
[32m✓[39m 4 modules transformed.
[31mx[39m Build failed in 28.91s
[31merror during build:
[31m[vite:css] [postcss] D:/dev/code/foobarPitch/src/index.css:25:5: The `shadow-[0_0_15px_rgba(59,` class does not exist. If `shadow-[0_0_15px_rgba(59,` is a custom class, make sure it is defined within a `@layer` directive.[31m
file: [36mD:/dev/code/foobarPitch/src/index.css:25:4[31m
    at Input.error (D:\dev\code\foobarPitch\node_modules\postcss\lib\input.js:135:16)
    at AtRule.error (D:\dev\code\foobarPitch\node_modules\postcss\lib\node.js:146:32)
    at processApply (D:\dev\code\foobarPitch\node_modules\tailwindcss\lib\lib\expandApplyAtRules.js:380:29)
    at D:\dev\code\foobarPitch\node_modules\tailwindcss\lib\lib\expandApplyAtRules.js:551:9
    at D:\dev\code\foobarPitch\node_modules\tailwindcss\lib\processTailwindFeatures.js:55:50
    at async plugins (D:\dev\code\foobarPitch\node_modules\tailwindcss\lib\plugin.js:38:17)
    at async LazyResult.runAsync (D:\dev\code\foobarPitch\node_modules\postcss\lib\lazy-result.js:293:11)
    at async compileCSS (file:///D:/dev/code/foobarPitch/node_modules/vite/dist/node/chunks/dep-BK3b2jBa.js:36898:21)
    at async Object.transform (file:///D:/dev/code/foobarPitch/node_modules/vite/dist/node/chunks/dep-BK3b2jBa.js:36171:11)
    at async transform (file:///D:/dev/code/foobarPitch/node_modules/rollup/dist/es/shared/node-entry.js:21246:16)[39m
